add 1.0 0004 1 5.4885590669614945
ale 1.0 0007 1 5.0
amazing 0.5228787452803376 0001 1 4.27340218226594
beer 1.0 0007 1 5.0
bev25erage 1.0 0001 1 4.27340218226594
bud 1.0 0010 1 2.488559066961494
chocolate 0.6989700043360189 0004 1 5.4885590669614945
cokeacola 1.0 0001 1 4.27340218226594
cream 1.0 0004 1 5.4885590669614945
delicious 1.0 0001 1 4.27340218226594
hot 1.0 0004 1 5.4885590669614945
light 0.6989700043360189 0010 1 2.488559066961494
nothanks 1.0 0010 1 2.488559066961494
oberon 1.0 0007 1 5.0
sleep 1.0 0004 1 5.4885590669614945
summer 1.0 0007 1 5.0
taste 1.0 0001 1 4.27340218226594
wheat 1.0 0007 1 5.0
whipped 1.0 0004 1 5.4885590669614945
