amazing 0.5228787452803376 0009 1 2.7619612492274346
baileys 1.0 0009 1 2.7619612492274346
beverage 0.5228787452803376 0003 1 2.27340218226594 0006 1 2.27340218226594
chocolate 0.6989700043360189 0009 1 2.7619612492274346
cider 1.0 0006 1 2.27340218226594
fall 1.0 0006 1 2.27340218226594
hipster 1.0 0003 1 2.27340218226594
pbr 1.0 0003 1 2.27340218226594
wow 1.0 0009 1 2.7619612492274346
